SQL> SPOOL "C:\Users\AsusPC\OneDrive\Desktop\SQL\Day2.txt" APPEND
SQL> SELECT *
  2  FROM EMP'
  3  S;
ERROR:
ORA-01756: quoted string not properly terminated 


SQL> SELECT *
  2  FROM EMP;

     EMPNO ENAME      JOB              MGR HIREDATE         SAL       COMM     DEPTNO               
---------- ---------- --------- ---------- --------- ---------- ---------- ----------               
      7369 SMITH      CLERK           7902 17-DEC-80        800                    20               
      7499 ALLEN      SALESMAN        7698 20-FEB-81       1600        300         30               
      7521 WARD       SALESMAN        7698 22-FEB-81       1250        500         30               
      7566 JONES      MANAGER         7839 02-APR-81       2975                    20               
      7654 MARTIN     SALESMAN        7698 28-SEP-81       1250       1400         30               
      7698 BLAKE      MANAGER         7839 01-MAY-81       2850                    30               
      7782 CLARK      MANAGER         7839 09-JUN-81       2450                    10               
      7788 SCOTT      ANALYST         7566 19-APR-87       3000                    20               
      7839 KING       PRESIDENT            17-NOV-81       5000                    10               
      7844 TURNER     SALESMAN        7698 08-SEP-81       1500          0         30               
      7876 ADAMS      CLERK           7788 23-MAY-87       1100                    20               
      7900 JAMES      CLERK           7698 03-DEC-81        950                    30               
      7902 FORD       ANALYST         7566 03-DEC-81       3000                    20               
      7934 MILLER     CLERK           7782 23-JAN-82       1300                    10               

14 rows selected.

SQL> ED
Wrote file afiedt.buf

  1  SELECT *
  2* FROM EMP
SQL> ED
Wrote file afiedt.buf

  1  SELECTION :- Retrival of data by the help of only column_name.
  2  SELECT */[DISTINCT] COLUMN_NAME/EXPRESSION[ALIAS]
  3  FROM TABLE_NAME
  4  ---------------------------------------------
  5  PROJECTION:- Retrival of data by the help of both column and row names.
  6  SELECT */[DISTINCT] COLUMN_NAME/EXPRESSION [ALIAS]
  7  FROM TABLE_NAME
  8* WHERE <FILTER_CONDITION>;
  9  
SQL> 
SQL> 
SQL> SELECT DISTINCT
  2  FROM EMP;
FROM EMP
*
ERROR at line 2:
ORA-00936: missing expression 


SQL> SELECT DISTINCT(SAL)
  2  FROM EMP;

       SAL                                                                                          
----------                                                                                          
      2450                                                                                          
      5000                                                                                          
      1300                                                                                          
      1250                                                                                          
      2850                                                                                          
      2975                                                                                          
      1100                                                                                          
      3000                                                                                          
       800                                                                                          
      1600                                                                                          
      1500                                                                                          
       950                                                                                          

12 rows selected.

SQL> SELECT DISTINCT SAL,EMPNO
  2  FROM EMP;

       SAL      EMPNO                                                                               
---------- ----------                                                                               
      2975       7566                                                                               
      2450       7782                                                                               
      1100       7876                                                                               
      1250       7521                                                                               
      1500       7844                                                                               
      1250       7654                                                                               
      5000       7839                                                                               
      1300       7934                                                                               
      1600       7499                                                                               
      3000       7788                                                                               
       950       7900                                                                               
      2850       7698                                                                               
      3000       7902                                                                               
       800       7369                                                                               

14 rows selected.

SQL> SELECT EMPNO,DISTINCT SAL
  2  FROM EMP;
SELECT EMPNO,DISTINCT SAL
             *
ERROR at line 1:
ORA-00936: missing expression 


SQL> SELECT SAL*12
  2  FROM EMP;

    SAL*12                                                                                          
----------                                                                                          
      9600                                                                                          
     19200                                                                                          
     15000                                                                                          
     35700                                                                                          
     15000                                                                                          
     34200                                                                                          
     29400                                                                                          
     36000                                                                                          
     60000                                                                                          
     18000                                                                                          
     13200                                                                                          
     11400                                                                                          
     36000                                                                                          
     15600                                                                                          

14 rows selected.

SQL> SELECT SAL*12 AS ANNUAL_SALARY
  2  FROM EMP;

ANNUAL_SALARY                                                                                       
-------------                                                                                       
         9600                                                                                       
        19200                                                                                       
        15000                                                                                       
        35700                                                                                       
        15000                                                                                       
        34200                                                                                       
        29400                                                                                       
        36000                                                                                       
        60000                                                                                       
        18000                                                                                       
        13200                                                                                       
        11400                                                                                       
        36000                                                                                       
        15600                                                                                       

14 rows selected.

SQL> SELECT SAL*12 ANNUAL_SALARY
  2  FROM EMP;

ANNUAL_SALARY                                                                                       
-------------                                                                                       
         9600                                                                                       
        19200                                                                                       
        15000                                                                                       
        35700                                                                                       
        15000                                                                                       
        34200                                                                                       
        29400                                                                                       
        36000                                                                                       
        60000                                                                                       
        18000                                                                                       
        13200                                                                                       
        11400                                                                                       
        36000                                                                                       
        15600                                                                                       

14 rows selected.

SQL> SELECT SAL*12
  2  "ANNUAL SALARY"
  3  FROM EMP;

ANNUAL SALARY                                                                                       
-------------                                                                                       
         9600                                                                                       
        19200                                                                                       
        15000                                                                                       
        35700                                                                                       
        15000                                                                                       
        34200                                                                                       
        29400                                                                                       
        36000                                                                                       
        60000                                                                                       
        18000                                                                                       
        13200                                                                                       
        11400                                                                                       
        36000                                                                                       
        15600                                                                                       

14 rows selected.

SQL> SELECT SAL*12 'ANNUAL SALARY'
  2  FROM EMP;
SELECT SAL*12 'ANNUAL SALARY'
              *
ERROR at line 1:
ORA-00923: FROM keyword not found where expected 


SQL> SELECT 10*34
  2  FROM DUAL;

     10*34                                                                                          
----------                                                                                          
       340                                                                                          

SQL> ED
Wrote file afiedt.buf

  1  SELECT 10*34
  2* FROM EMP
SQL> /

     10*34                                                                                          
----------                                                                                          
       340                                                                                          
       340                                                                                          
       340                                                                                          
       340                                                                                          
       340                                                                                          
       340                                                                                          
       340                                                                                          
       340                                                                                          
       340                                                                                          
       340                                                                                          
       340                                                                                          
       340                                                                                          
       340                                                                                          
       340                                                                                          

14 rows selected.

SQL> ED
Wrote file afiedt.buf

  1  SELECT 10/34
  2* FROM EMP
SQL> /

     10/34                                                                                          
----------                                                                                          
.294117647                                                                                          
.294117647                                                                                          
.294117647                                                                                          
.294117647                                                                                          
.294117647                                                                                          
.294117647                                                                                          
.294117647                                                                                          
.294117647                                                                                          
.294117647                                                                                          
.294117647                                                                                          
.294117647                                                                                          
.294117647                                                                                          
.294117647                                                                                          
.294117647                                                                                          

14 rows selected.

SQL> ED
Wrote file afiedt.buf

  1  SELECT 10/34
  2* FROM DUAL
SQL> /

     10/34                                                                                          
----------                                                                                          
.294117647                                                                                          

SQL> SELECT 10+34
  2  FROM DUAL;

     10+34                                                                                          
----------                                                                                          
        44                                                                                          

SQL> SELECT 10-34
  2  FROM DUAL
  3  ;

     10-34                                                                                          
----------                                                                                          
       -24                                                                                          

SQL> SELECT MOD(34,5)
  2  FROM DUAL;

 MOD(34,5)                                                                                          
----------                                                                                          
         4                                                                                          

SQL> SEELECT *
SP2-0042: unknown command "SEELECT *" - rest of line ignored.
SQL> FROM
SP2-0042: unknown command "FROM" - rest of line ignored.
SQL> SELECT *
  2  FROM EMP
  3  WHERE SAL>1500;

     EMPNO ENAME      JOB              MGR HIREDATE         SAL       COMM     DEPTNO               
---------- ---------- --------- ---------- --------- ---------- ---------- ----------               
      7499 ALLEN      SALESMAN        7698 20-FEB-81       1600        300         30               
      7566 JONES      MANAGER         7839 02-APR-81       2975                    20               
      7698 BLAKE      MANAGER         7839 01-MAY-81       2850                    30               
      7782 CLARK      MANAGER         7839 09-JUN-81       2450                    10               
      7788 SCOTT      ANALYST         7566 19-APR-87       3000                    20               
      7839 KING       PRESIDENT            17-NOV-81       5000                    10               
      7902 FORD       ANALYST         7566 03-DEC-81       3000                    20               

7 rows selected.

SQL> SELECT *
  2  FROM EMP
  3  WHERE SAL<1000;

     EMPNO ENAME      JOB              MGR HIREDATE         SAL       COMM     DEPTNO               
---------- ---------- --------- ---------- --------- ---------- ---------- ----------               
      7369 SMITH      CLERK           7902 17-DEC-80        800                    20               
      7900 JAMES      CLERK           7698 03-DEC-81        950                    30               

SQL> SELECT *
  2  FROM EMP
  3  WHERE SAL<=1000;

     EMPNO ENAME      JOB              MGR HIREDATE         SAL       COMM     DEPTNO               
---------- ---------- --------- ---------- --------- ---------- ---------- ----------               
      7369 SMITH      CLERK           7902 17-DEC-80        800                    20               
      7900 JAMES      CLERK           7698 03-DEC-81        950                    30               

SQL> SELECT *
  2  FROM EMP
  3  WHERE SAL>=1100;

     EMPNO ENAME      JOB              MGR HIREDATE         SAL       COMM     DEPTNO               
---------- ---------- --------- ---------- --------- ---------- ---------- ----------               
      7499 ALLEN      SALESMAN        7698 20-FEB-81       1600        300         30               
      7521 WARD       SALESMAN        7698 22-FEB-81       1250        500         30               
      7566 JONES      MANAGER         7839 02-APR-81       2975                    20               
      7654 MARTIN     SALESMAN        7698 28-SEP-81       1250       1400         30               
      7698 BLAKE      MANAGER         7839 01-MAY-81       2850                    30               
      7782 CLARK      MANAGER         7839 09-JUN-81       2450                    10               
      7788 SCOTT      ANALYST         7566 19-APR-87       3000                    20               
      7839 KING       PRESIDENT            17-NOV-81       5000                    10               
      7844 TURNER     SALESMAN        7698 08-SEP-81       1500          0         30               
      7876 ADAMS      CLERK           7788 23-MAY-87       1100                    20               
      7902 FORD       ANALYST         7566 03-DEC-81       3000                    20               
      7934 MILLER     CLERK           7782 23-JAN-82       1300                    10               

12 rows selected.

SQL> ED
Wrote file afiedt.buf

  1  SELECT *
  2  FROM EMP
  3* WHERE SAL>1100 AND SAL<3000
SQL> /

     EMPNO ENAME      JOB              MGR HIREDATE         SAL       COMM     DEPTNO               
---------- ---------- --------- ---------- --------- ---------- ---------- ----------               
      7499 ALLEN      SALESMAN        7698 20-FEB-81       1600        300         30               
      7521 WARD       SALESMAN        7698 22-FEB-81       1250        500         30               
      7566 JONES      MANAGER         7839 02-APR-81       2975                    20               
      7654 MARTIN     SALESMAN        7698 28-SEP-81       1250       1400         30               
      7698 BLAKE      MANAGER         7839 01-MAY-81       2850                    30               
      7782 CLARK      MANAGER         7839 09-JUN-81       2450                    10               
      7844 TURNER     SALESMAN        7698 08-SEP-81       1500          0         30               
      7934 MILLER     CLERK           7782 23-JAN-82       1300                    10               

8 rows selected.

SQL> ED
Wrote file afiedt.buf

  1  SELECT *
  2  FROM EMP
  3* WHERE DEPTNO=10 OR DEPTNO=20
SQL> /

     EMPNO ENAME      JOB              MGR HIREDATE         SAL       COMM     DEPTNO               
---------- ---------- --------- ---------- --------- ---------- ---------- ----------               
      7369 SMITH      CLERK           7902 17-DEC-80        800                    20               
      7566 JONES      MANAGER         7839 02-APR-81       2975                    20               
      7782 CLARK      MANAGER         7839 09-JUN-81       2450                    10               
      7788 SCOTT      ANALYST         7566 19-APR-87       3000                    20               
      7839 KING       PRESIDENT            17-NOV-81       5000                    10               
      7876 ADAMS      CLERK           7788 23-MAY-87       1100                    20               
      7902 FORD       ANALYST         7566 03-DEC-81       3000                    20               
      7934 MILLER     CLERK           7782 23-JAN-82       1300                    10               

8 rows selected.

SQL> SELECT MR. || ENAME || 'YOUR SALARY IS' || SAL
  2  FROM EMP
  3  ED
  4  
SQL> ED
Wrote file afiedt.buf

  1  SELECT 'MR.' || ENAME || 'YOUR SALARY IS' || SAL
  2  FROM EMP
  3* ED
SQL> ED
Wrote file afiedt.buf

  1  SELECT 'MR.' || ENAME || 'YOUR SALARY IS' || SAL
  2* FROM EMP
SQL> /

'MR.'||ENAME||'YOURSALARYIS'||SAL                                                                   
-------------------------------------------------------------------                                 
MR.SMITHYOUR SALARY IS800                                                                           
MR.ALLENYOUR SALARY IS1600                                                                          
MR.WARDYOUR SALARY IS1250                                                                           
MR.JONESYOUR SALARY IS2975                                                                          
MR.MARTINYOUR SALARY IS1250                                                                         
MR.BLAKEYOUR SALARY IS2850                                                                          
MR.CLARKYOUR SALARY IS2450                                                                          
MR.SCOTTYOUR SALARY IS3000                                                                          
MR.KINGYOUR SALARY IS5000                                                                           
MR.TURNERYOUR SALARY IS1500                                                                         
MR.ADAMSYOUR SALARY IS1100                                                                          
MR.JAMESYOUR SALARY IS950                                                                           
MR.FORDYOUR SALARY IS3000                                                                           
MR.MILLERYOUR SALARY IS1300                                                                         

14 rows selected.

SQL> ED
Wrote file afiedt.buf

  1  SELECT 'MR.' || ENAME || ' YOUR SALARY IS ' || SAL
  2* FROM EMP
SQL> /

'MR.'||ENAME||'YOURSALARYIS'||SAL                                                                   
---------------------------------------------------------------------                               
MR.SMITH YOUR SALARY IS 800                                                                         
MR.ALLEN YOUR SALARY IS 1600                                                                        
MR.WARD YOUR SALARY IS 1250                                                                         
MR.JONES YOUR SALARY IS 2975                                                                        
MR.MARTIN YOUR SALARY IS 1250                                                                       
MR.BLAKE YOUR SALARY IS 2850                                                                        
MR.CLARK YOUR SALARY IS 2450                                                                        
MR.SCOTT YOUR SALARY IS 3000                                                                        
MR.KING YOUR SALARY IS 5000                                                                         
MR.TURNER YOUR SALARY IS 1500                                                                       
MR.ADAMS YOUR SALARY IS 1100                                                                        
MR.JAMES YOUR SALARY IS 950                                                                         
MR.FORD YOUR SALARY IS 3000                                                                         
MR.MILLER YOUR SALARY IS 1300                                                                       

14 rows selected.

SQL> 2ED
SP2-0042: unknown command "2ED" - rest of line ignored.
SQL> ED
Wrote file afiedt.buf

  1  SELECT *
  2  FROM EMP
  3* WHERE DEPTNO=10 OR DEPTNO=20
SQL> /

     EMPNO ENAME      JOB              MGR HIREDATE         SAL       COMM     DEPTNO               
---------- ---------- --------- ---------- --------- ---------- ---------- ----------               
      7369 SMITH      CLERK           7902 17-DEC-80        800                    20               
      7566 JONES      MANAGER         7839 02-APR-81       2975                    20               
      7782 CLARK      MANAGER         7839 09-JUN-81       2450                    10               
      7788 SCOTT      ANALYST         7566 19-APR-87       3000                    20               
      7839 KING       PRESIDENT            17-NOV-81       5000                    10               
      7876 ADAMS      CLERK           7788 23-MAY-87       1100                    20               
      7902 FORD       ANALYST         7566 03-DEC-81       3000                    20               
      7934 MILLER     CLERK           7782 23-JAN-82       1300                    10               

8 rows selected.

SQL> ED
Wrote file afiedt.buf

  1  SELECT *
  2  FROM EMP
  3* WHERE DEPTNO IN (10,20)
SQL> /

     EMPNO ENAME      JOB              MGR HIREDATE         SAL       COMM     DEPTNO               
---------- ---------- --------- ---------- --------- ---------- ---------- ----------               
      7369 SMITH      CLERK           7902 17-DEC-80        800                    20               
      7566 JONES      MANAGER         7839 02-APR-81       2975                    20               
      7782 CLARK      MANAGER         7839 09-JUN-81       2450                    10               
      7788 SCOTT      ANALYST         7566 19-APR-87       3000                    20               
      7839 KING       PRESIDENT            17-NOV-81       5000                    10               
      7876 ADAMS      CLERK           7788 23-MAY-87       1100                    20               
      7902 FORD       ANALYST         7566 03-DEC-81       3000                    20               
      7934 MILLER     CLERK           7782 23-JAN-82       1300                    10               

8 rows selected.

SQL> ED
Wrote file afiedt.buf

  1  SELECT *
  2  FROM EMP
  3* WHERE DEPTNO NOT IN (10,20)
SQL> /

     EMPNO ENAME      JOB              MGR HIREDATE         SAL       COMM     DEPTNO               
---------- ---------- --------- ---------- --------- ---------- ---------- ----------               
      7499 ALLEN      SALESMAN        7698 20-FEB-81       1600        300         30               
      7521 WARD       SALESMAN        7698 22-FEB-81       1250        500         30               
      7654 MARTIN     SALESMAN        7698 28-SEP-81       1250       1400         30               
      7698 BLAKE      MANAGER         7839 01-MAY-81       2850                    30               
      7844 TURNER     SALESMAN        7698 08-SEP-81       1500          0         30               
      7900 JAMES      CLERK           7698 03-DEC-81        950                    30               

6 rows selected.

SQL> ED
Wrote file afiedt.buf

  1  SELECT *
  2  FROM EMP
  3* WHERE SAL BETWEEN 1000 AND 3000
SQL> ;
  1  SELECT *
  2  FROM EMP
  3* WHERE SAL BETWEEN 1000 AND 3000
SQL> ;
  1  SELECT *
  2  FROM EMP
  3* WHERE SAL BETWEEN 1000 AND 3000
SQL> /

     EMPNO ENAME      JOB              MGR HIREDATE         SAL       COMM     DEPTNO               
---------- ---------- --------- ---------- --------- ---------- ---------- ----------               
      7499 ALLEN      SALESMAN        7698 20-FEB-81       1600        300         30               
      7521 WARD       SALESMAN        7698 22-FEB-81       1250        500         30               
      7566 JONES      MANAGER         7839 02-APR-81       2975                    20               
      7654 MARTIN     SALESMAN        7698 28-SEP-81       1250       1400         30               
      7698 BLAKE      MANAGER         7839 01-MAY-81       2850                    30               
      7782 CLARK      MANAGER         7839 09-JUN-81       2450                    10               
      7788 SCOTT      ANALYST         7566 19-APR-87       3000                    20               
      7844 TURNER     SALESMAN        7698 08-SEP-81       1500          0         30               
      7876 ADAMS      CLERK           7788 23-MAY-87       1100                    20               
      7902 FORD       ANALYST         7566 03-DEC-81       3000                    20               
      7934 MILLER     CLERK           7782 23-JAN-82       1300                    10               

11 rows selected.

SQL> DE
SP2-0042: unknown command "DE" - rest of line ignored.
SQL> ED
Wrote file afiedt.buf

  1  SELECT *
  2  FROM EMP
  3* WHERE SAL BETWEEN (1000,3000)
SQL> /
WHERE SAL BETWEEN (1000,3000)
                       *
ERROR at line 3:
ORA-00907: missing right parenthesis 


SQL> ED
Wrote file afiedt.buf

  1  SELECT *
  2  FROM EMP
  3* WHERE SAL BETWEEN 1000 AND 3000
SQL> /

     EMPNO ENAME      JOB              MGR HIREDATE         SAL       COMM     DEPTNO               
---------- ---------- --------- ---------- --------- ---------- ---------- ----------               
      7499 ALLEN      SALESMAN        7698 20-FEB-81       1600        300         30               
      7521 WARD       SALESMAN        7698 22-FEB-81       1250        500         30               
      7566 JONES      MANAGER         7839 02-APR-81       2975                    20               
      7654 MARTIN     SALESMAN        7698 28-SEP-81       1250       1400         30               
      7698 BLAKE      MANAGER         7839 01-MAY-81       2850                    30               
      7782 CLARK      MANAGER         7839 09-JUN-81       2450                    10               
      7788 SCOTT      ANALYST         7566 19-APR-87       3000                    20               
      7844 TURNER     SALESMAN        7698 08-SEP-81       1500          0         30               
      7876 ADAMS      CLERK           7788 23-MAY-87       1100                    20               
      7902 FORD       ANALYST         7566 03-DEC-81       3000                    20               
      7934 MILLER     CLERK           7782 23-JAN-82       1300                    10               

11 rows selected.

SQL> ED
Wrote file afiedt.buf

  1  SELECT *
  2  FROM EMP
  3* WHERE ENAME LIKE('S%')
SQL> /

     EMPNO ENAME      JOB              MGR HIREDATE         SAL       COMM     DEPTNO               
---------- ---------- --------- ---------- --------- ---------- ---------- ----------               
      7369 SMITH      CLERK           7902 17-DEC-80        800                    20               
      7788 SCOTT      ANALYST         7566 19-APR-87       3000                    20               

SQL> ED
Wrote file afiedt.buf

  1  SELECT *
  2  FROM EMP
  3* WHERE ENAME LIKE('%S')
SQL> /

     EMPNO ENAME      JOB              MGR HIREDATE         SAL       COMM     DEPTNO               
---------- ---------- --------- ---------- --------- ---------- ---------- ----------               
      7566 JONES      MANAGER         7839 02-APR-81       2975                    20               
      7876 ADAMS      CLERK           7788 23-MAY-87       1100                    20               
      7900 JAMES      CLERK           7698 03-DEC-81        950                    30               

SQL> ED
Wrote file afiedt.buf

  1  SELECT *
  2  FROM EMP
  3* WHERE ENAME LIKE('%S%')
SQL> /

     EMPNO ENAME      JOB              MGR HIREDATE         SAL       COMM     DEPTNO               
---------- ---------- --------- ---------- --------- ---------- ---------- ----------               
      7369 SMITH      CLERK           7902 17-DEC-80        800                    20               
      7566 JONES      MANAGER         7839 02-APR-81       2975                    20               
      7788 SCOTT      ANALYST         7566 19-APR-87       3000                    20               
      7876 ADAMS      CLERK           7788 23-MAY-87       1100                    20               
      7900 JAMES      CLERK           7698 03-DEC-81        950                    30               

SQL> ED
Wrote file afiedt.buf

  1  SELECT *
  2  FROM EMP
  3* WHERE ENAME LIKE('S%S')
SQL> /

no rows selected

SQL> ED
Wrote file afiedt.buf

  1  SELECT *
  2  FROM EMP
  3* WHERE ENAME LIKE('%A%A%')
SQL> /

     EMPNO ENAME      JOB              MGR HIREDATE         SAL       COMM     DEPTNO               
---------- ---------- --------- ---------- --------- ---------- ---------- ----------               
      7876 ADAMS      CLERK           7788 23-MAY-87       1100                    20               

SQL> ED
Wrote file afiedt.buf

  1  SELECT *
  2  FROM EMP
  3* WHERE ENAME NOT LIKE('%A%A%')
SQL> /

     EMPNO ENAME      JOB              MGR HIREDATE         SAL       COMM     DEPTNO               
---------- ---------- --------- ---------- --------- ---------- ---------- ----------               
      7369 SMITH      CLERK           7902 17-DEC-80        800                    20               
      7499 ALLEN      SALESMAN        7698 20-FEB-81       1600        300         30               
      7521 WARD       SALESMAN        7698 22-FEB-81       1250        500         30               
      7566 JONES      MANAGER         7839 02-APR-81       2975                    20               
      7654 MARTIN     SALESMAN        7698 28-SEP-81       1250       1400         30               
      7698 BLAKE      MANAGER         7839 01-MAY-81       2850                    30               
      7782 CLARK      MANAGER         7839 09-JUN-81       2450                    10               
      7788 SCOTT      ANALYST         7566 19-APR-87       3000                    20               
      7839 KING       PRESIDENT            17-NOV-81       5000                    10               
      7844 TURNER     SALESMAN        7698 08-SEP-81       1500          0         30               
      7900 JAMES      CLERK           7698 03-DEC-81        950                    30               
      7902 FORD       ANALYST         7566 03-DEC-81       3000                    20               
      7934 MILLER     CLERK           7782 23-JAN-82       1300                    10               

13 rows selected.

SQL> ED
Wrote file afiedt.buf

  1  SELECT *
  2  FROM EMP
  3* WHERE ENAME NOT LIKE('%a%A%')
SQL> /

     EMPNO ENAME      JOB              MGR HIREDATE         SAL       COMM     DEPTNO               
---------- ---------- --------- ---------- --------- ---------- ---------- ----------               
      7369 SMITH      CLERK           7902 17-DEC-80        800                    20               
      7499 ALLEN      SALESMAN        7698 20-FEB-81       1600        300         30               
      7521 WARD       SALESMAN        7698 22-FEB-81       1250        500         30               
      7566 JONES      MANAGER         7839 02-APR-81       2975                    20               
      7654 MARTIN     SALESMAN        7698 28-SEP-81       1250       1400         30               
      7698 BLAKE      MANAGER         7839 01-MAY-81       2850                    30               
      7782 CLARK      MANAGER         7839 09-JUN-81       2450                    10               
      7788 SCOTT      ANALYST         7566 19-APR-87       3000                    20               
      7839 KING       PRESIDENT            17-NOV-81       5000                    10               
      7844 TURNER     SALESMAN        7698 08-SEP-81       1500          0         30               
      7876 ADAMS      CLERK           7788 23-MAY-87       1100                    20               
      7900 JAMES      CLERK           7698 03-DEC-81        950                    30               
      7902 FORD       ANALYST         7566 03-DEC-81       3000                    20               
      7934 MILLER     CLERK           7782 23-JAN-82       1300                    10               

14 rows selected.

SQL> ED
Wrote file afiedt.buf

  1  SELECT *
  2  FROM EMP
  3* WHERE ENAME NOT LIKE('%a%a%')
SQL> /

     EMPNO ENAME      JOB              MGR HIREDATE         SAL       COMM     DEPTNO               
---------- ---------- --------- ---------- --------- ---------- ---------- ----------               
      7369 SMITH      CLERK           7902 17-DEC-80        800                    20               
      7499 ALLEN      SALESMAN        7698 20-FEB-81       1600        300         30               
      7521 WARD       SALESMAN        7698 22-FEB-81       1250        500         30               
      7566 JONES      MANAGER         7839 02-APR-81       2975                    20               
      7654 MARTIN     SALESMAN        7698 28-SEP-81       1250       1400         30               
      7698 BLAKE      MANAGER         7839 01-MAY-81       2850                    30               
      7782 CLARK      MANAGER         7839 09-JUN-81       2450                    10               
      7788 SCOTT      ANALYST         7566 19-APR-87       3000                    20               
      7839 KING       PRESIDENT            17-NOV-81       5000                    10               
      7844 TURNER     SALESMAN        7698 08-SEP-81       1500          0         30               
      7876 ADAMS      CLERK           7788 23-MAY-87       1100                    20               
      7900 JAMES      CLERK           7698 03-DEC-81        950                    30               
      7902 FORD       ANALYST         7566 03-DEC-81       3000                    20               
      7934 MILLER     CLERK           7782 23-JAN-82       1300                    10               

14 rows selected.

SQL> ED
Wrote file afiedt.buf

  1  SELECT *
  2  FROM EMP
  3* WHERE ENAME LIKE('____')
SQL> /

     EMPNO ENAME      JOB              MGR HIREDATE         SAL       COMM     DEPTNO               
---------- ---------- --------- ---------- --------- ---------- ---------- ----------               
      7521 WARD       SALESMAN        7698 22-FEB-81       1250        500         30               
      7839 KING       PRESIDENT            17-NOV-81       5000                    10               
      7902 FORD       ANALYST         7566 03-DEC-81       3000                    20               

SQL> ED
Wrote file afiedt.buf

  1  SELECT *
  2  FROM EMP
  3* WHERE ENAME LIKE('______')
SQL> /

     EMPNO ENAME      JOB              MGR HIREDATE         SAL       COMM     DEPTNO               
---------- ---------- --------- ---------- --------- ---------- ---------- ----------               
      7654 MARTIN     SALESMAN        7698 28-SEP-81       1250       1400         30               
      7844 TURNER     SALESMAN        7698 08-SEP-81       1500          0         30               
      7934 MILLER     CLERK           7782 23-JAN-82       1300                    10               

SQL> ED
Wrote file afiedt.buf

  1  SELECT *
  2  FROM EMP
  3* WHERE HIREDATE LIKE(%81)
SQL> /
WHERE HIREDATE LIKE(%81)
                    *
ERROR at line 3:
ORA-00911: invalid character 


SQL> EDD
SP2-0042: unknown command "EDD" - rest of line ignored.
SQL> ED
Wrote file afiedt.buf

  1  SELECT *
  2  FROM EMP
  3* WHERE HIREDATE LIKE('%81')
SQL> /

     EMPNO ENAME      JOB              MGR HIREDATE         SAL       COMM     DEPTNO               
---------- ---------- --------- ---------- --------- ---------- ---------- ----------               
      7499 ALLEN      SALESMAN        7698 20-FEB-81       1600        300         30               
      7521 WARD       SALESMAN        7698 22-FEB-81       1250        500         30               
      7566 JONES      MANAGER         7839 02-APR-81       2975                    20               
      7654 MARTIN     SALESMAN        7698 28-SEP-81       1250       1400         30               
      7698 BLAKE      MANAGER         7839 01-MAY-81       2850                    30               
      7782 CLARK      MANAGER         7839 09-JUN-81       2450                    10               
      7839 KING       PRESIDENT            17-NOV-81       5000                    10               
      7844 TURNER     SALESMAN        7698 08-SEP-81       1500          0         30               
      7900 JAMES      CLERK           7698 03-DEC-81        950                    30               
      7902 FORD       ANALYST         7566 03-DEC-81       3000                    20               

10 rows selected.

SQL> ED
Wrote file afiedt.buf

  1  SELECT *
  2  FROM EMP
  3* WHERE SAL LIKE('___')
SQL> /

     EMPNO ENAME      JOB              MGR HIREDATE         SAL       COMM     DEPTNO               
---------- ---------- --------- ---------- --------- ---------- ---------- ----------               
      7369 SMITH      CLERK           7902 17-DEC-80        800                    20               
      7900 JAMES      CLERK           7698 03-DEC-81        950                    30               

SQL> ED
Wrote file afiedt.buf

  1  SELECT *
  2  FROM EMP
  3* WHERE SAL LIKE('___')
SQL> /

     EMPNO ENAME      JOB              MGR HIREDATE         SAL       COMM     DEPTNO               
---------- ---------- --------- ---------- --------- ---------- ---------- ----------               
      7369 SMITH      CLERK           7902 17-DEC-80        800                    20               
      7900 JAMES      CLERK           7698 03-DEC-81        950                    30               

SQL> ED
Wrote file afiedt.buf

  1  SELECT *
  2  FROM EMP
  3* WHERE ENAME LIKE('%_%')
SQL> /

     EMPNO ENAME      JOB              MGR HIREDATE         SAL       COMM     DEPTNO               
---------- ---------- --------- ---------- --------- ---------- ---------- ----------               
      7369 SMITH      CLERK           7902 17-DEC-80        800                    20               
      7499 ALLEN      SALESMAN        7698 20-FEB-81       1600        300         30               
      7521 WARD       SALESMAN        7698 22-FEB-81       1250        500         30               
      7566 JONES      MANAGER         7839 02-APR-81       2975                    20               
      7654 MARTIN     SALESMAN        7698 28-SEP-81       1250       1400         30               
      7698 BLAKE      MANAGER         7839 01-MAY-81       2850                    30               
      7782 CLARK      MANAGER         7839 09-JUN-81       2450                    10               
      7788 SCOTT      ANALYST         7566 19-APR-87       3000                    20               
      7839 KING       PRESIDENT            17-NOV-81       5000                    10               
      7844 TURNER     SALESMAN        7698 08-SEP-81       1500          0         30               
      7876 ADAMS      CLERK           7788 23-MAY-87       1100                    20               
      7900 JAMES      CLERK           7698 03-DEC-81        950                    30               
      7902 FORD       ANALYST         7566 03-DEC-81       3000                    20               
      7934 MILLER     CLERK           7782 23-JAN-82       1300                    10               

14 rows selected.

SQL> ED
Wrote file afiedt.buf

  1  SELECT *
  2  FROM EMP
  3* WHERE ENAME LIKE('%#_%') ESCAPE '#'
SQL> /

no rows selected

SQL> ED
Wrote file afiedt.buf

  1  SELECT *
  2  FROM EMP
  3* WHERE MGR IS NULL
SQL> /

     EMPNO ENAME      JOB              MGR HIREDATE         SAL       COMM     DEPTNO               
---------- ---------- --------- ---------- --------- ---------- ---------- ----------               
      7839 KING       PRESIDENT            17-NOV-81       5000                    10               

SQL> ED
Wrote file afiedt.buf

  1  SELECT *
  2  FROM EMP
  3* WHERE COMMIS NULL
SQL> /
WHERE COMMIS NULL
             *
ERROR at line 3:
ORA-00920: invalid relational operator 


SQL> ED
Wrote file afiedt.buf

  1  SELECT *
  2  FROM EMP
  3* WHERE COMMI NULL
SQL> /
WHERE COMMI NULL
            *
ERROR at line 3:
ORA-00920: invalid relational operator 


SQL> ED
Wrote file afiedt.buf

  1  SELECT *
  2  FROM EMP
  3* WHERE COMM IS NULL
SQL> /

     EMPNO ENAME      JOB              MGR HIREDATE         SAL       COMM     DEPTNO               
---------- ---------- --------- ---------- --------- ---------- ---------- ----------               
      7369 SMITH      CLERK           7902 17-DEC-80        800                    20               
      7566 JONES      MANAGER         7839 02-APR-81       2975                    20               
      7698 BLAKE      MANAGER         7839 01-MAY-81       2850                    30               
      7782 CLARK      MANAGER         7839 09-JUN-81       2450                    10               
      7788 SCOTT      ANALYST         7566 19-APR-87       3000                    20               
      7839 KING       PRESIDENT            17-NOV-81       5000                    10               
      7876 ADAMS      CLERK           7788 23-MAY-87       1100                    20               
      7900 JAMES      CLERK           7698 03-DEC-81        950                    30               
      7902 FORD       ANALYST         7566 03-DEC-81       3000                    20               
      7934 MILLER     CLERK           7782 23-JAN-82       1300                    10               

10 rows selected.

SQL> ED
Wrote file afiedt.buf

  1  SELECT *
  2  FROM EMP
  3* WHERE EMPNO IS NULL
SQL> /

no rows selected

SQL> ED
Wrote file afiedt.buf

  1  SELECT *
  2  FROM EMP
  3* WHERE COMM IS NOT NULL
SQL> /

     EMPNO ENAME      JOB              MGR HIREDATE         SAL       COMM     DEPTNO               
---------- ---------- --------- ---------- --------- ---------- ---------- ----------               
      7499 ALLEN      SALESMAN        7698 20-FEB-81       1600        300         30               
      7521 WARD       SALESMAN        7698 22-FEB-81       1250        500         30               
      7654 MARTIN     SALESMAN        7698 28-SEP-81       1250       1400         30               
      7844 TURNER     SALESMAN        7698 08-SEP-81       1500          0         30               

SQL> 
SQL> 
SQL> 
SQL> 
SQL> ED
Wrote file afiedt.buf

  1  SELECT SAL
  2* FROM EMP
  3  /

       SAL                                                                                          
----------                                                                                          
       800                                                                                          
      1600                                                                                          
      1250                                                                                          
      2975                                                                                          
      1250                                                                                          
      2850                                                                                          
      2450                                                                                          
      3000                                                                                          
      5000                                                                                          
      1500                                                                                          
      1100                                                                                          
       950                                                                                          
      3000                                                                                          
      1300                                                                                          

14 rows selected.

SQL> ED
Wrote file afiedt.buf

  1  SELECT AVG(SAL)
  2* FROM EMP
SQL> /

  AVG(SAL)                                                                                          
----------                                                                                          
2073.21429                                                                                          

SQL> ED/

SQL> ED
Wrote file afiedt.buf

  1  SELECT MAX(SAL)
  2* FROM EMP
SQL> /

  MAX(SAL)                                                                                          
----------                                                                                          
      5000                                                                                          

SQL> ED
Wrote file afiedt.buf

  1  SELECT MIN(SAL)
  2* FROM EMP
SQL> /

  MIN(SAL)                                                                                          
----------                                                                                          
       800                                                                                          

SQL> ED
Wrote file afiedt.buf

  1  SELECT SUM(SAL)
  2* FROM EMP
SQL> /

  SUM(SAL)                                                                                          
----------                                                                                          
     29025                                                                                          

SQL> ED/

SQL> ED
Wrote file afiedt.buf

  1  SELECT COUNT(SAL)
  2* FROM EMP
SQL> /

COUNT(SAL)                                                                                          
----------                                                                                          
        14                                                                                          

SQL> ED
Wrote file afiedt.buf

  1  SELECT COUNT(*)
  2* FROM EMP
SQL> /

  COUNT(*)                                                                                          
----------                                                                                          
        14                                                                                          

SQL> ED
Wrote file afiedt.buf

  1  SELECT COMM(*)
  2* FROM EMP
SQL> /
SELECT COMM(*)
            *
ERROR at line 1:
ORA-00936: missing expression 


SQL> ED
Wrote file afiedt.buf

  1  SELECT COUNT(COMM)
  2* FROM EMP
SQL> /

COUNT(COMM)                                                                                         
-----------                                                                                         
          4                                                                                         

SQL> ED/

SQL> ED
Wrote file afiedt.buf

  1  SELECT COUNT(MGR)
  2* FROM EMP
SQL> /

COUNT(MGR)                                                                                          
----------                                                                                          
        13                                                                                          

SQL> ED
Wrote file afiedt.buf

  1  SELECT SUM(COMM)
  2* FROM EMP
SQL> /

 SUM(COMM)                                                                                          
----------                                                                                          
      2200                                                                                          

SQL> ED
Wrote file afiedt.buf

  1  SELECT SUM(COMM)--MRF IGNORES NULL VALUE--
  2* FROM EMP
SQL> /

SUM(COMM)--MRFIGNORESNULLVALUE--                                                                    
--------------------------------                                                                    
                            2200                                                                    

SQL> ED
Wrote file afiedt.buf

  1  SELECT SUM(COMM)--MRF_IGNORES_NULL_VALUE--
  2* FROM EMP
SQL> /

SUM(COMM)--MRF_IGNORES_NULL_VALUE--                                                                 
-----------------------------------                                                                 
                               2200                                                                 

SQL> ED
Wrote file afiedt.buf

  1  SELECT SUM(COMM), AVG(COMM), MAX(COMM), MIN(COMM), COUNT(COMM)
  2* FROM EMP
SQL> /

 SUM(COMM)  AVG(COMM)  MAX(COMM)  MIN(COMM) COUNT(COMM)                                             
---------- ---------- ---------- ---------- -----------                                             
      2200        550       1400          0           4                                             

SQL> ED
Wrote file afiedt.buf

  1  SELECT MAX(SUM(COMM))
  2* FROM EMP
SQL> /
SELECT MAX(SUM(COMM))
           *
ERROR at line 1:
ORA-00978: nested group function without GROUP BY 


SQL> ED
Wrote file afiedt.buf

  1  SELECT MAX(SUM(COMM))
  2* FROM EMP
SQL> /
SELECT MAX(SUM(COMM))
           *
ERROR at line 1:
ORA-00978: nested group function without GROUP BY 


SQL> ED
Wrote file afiedt.buf

  1  SELECT *
  2  FROM EMP
  3* WHERE SAL=MAX(SAL)
SQL> /
WHERE SAL=MAX(SAL)
          *
ERROR at line 3:
ORA-00934: group function is not allowed here 


SQL> ED
Wrote file afiedt.buf

  1  SELECT MAX(SAL)
  2* FROM EMP
  3  /

  MAX(SAL)                                                                                          
----------                                                                                          
      5000                                                                                          

SQL> CL SCR
SQL> ED
Wrote file afiedt.buf

  1  SELECT COUNT(MAX(SAL))
  2* FROM EMP
SQL> /
SELECT COUNT(MAX(SAL))
             *
ERROR at line 1:
ORA-00978: nested group function without GROUP BY 


SQL> ED
Wrote file afiedt.buf

  1  SELECT DEPTNO
  2  FROM EMP
  3* GROUP BY DEPTNO
SQL> /

    DEPTNO                                                                                          
----------                                                                                          
        30                                                                                          
        20                                                                                          
        10                                                                                          

SQL>  ED
Wrote file afiedt.buf

  1  SELECT COUNT(DEPTNO)
  2  FROM EMP
  3* GROUP BY DEPTNO
SQL> /

COUNT(DEPTNO)                                                                                       
-------------                                                                                       
SQL> SET LINES 100 PAGES 100
SQL> SELECT *
  2  FROM EMP;'
  3  ;
ERROR:
ORA-01756: quoted string not properly terminated 


SQL> ED/

SQL> ED
Wrote file afiedt.buf

  1  SELECT *
  2* FROM EMP;
  3  /
FROM EMP;
        *
ERROR at line 2:
ORA-00911: invalid character 


SQL> ED
Wrote file afiedt.buf

  1  SELECT *
  2* FROM EMP
SQL> /

     EMPNO ENAME      JOB              MGR HIREDATE         SAL       COMM     DEPTNO               
---------- ---------- --------- ---------- --------- ---------- ---------- ----------               
      7369 SMITH      CLERK           7902 17-DEC-80        800                    20               
      7499 ALLEN      SALESMAN        7698 20-FEB-81       1600        300         30               
      7521 WARD       SALESMAN        7698 22-FEB-81       1250        500         30               
      7566 JONES      MANAGER         7839 02-APR-81       2975                    20               
      7654 MARTIN     SALESMAN        7698 28-SEP-81       1250       1400         30               
      7698 BLAKE      MANAGER         7839 01-MAY-81       2850                    30               
      7782 CLARK      MANAGER         7839 09-JUN-81       2450                    10               
      7788 SCOTT      ANALYST         7566 19-APR-87       3000                    20               
      7839 KING       PRESIDENT            17-NOV-81       5000                    10               
      7844 TURNER     SALESMAN        7698 08-SEP-81       1500          0         30               
      7876 ADAMS      CLERK           7788 23-MAY-87       1100                    20               
      7900 JAMES      CLERK           7698 03-DEC-81        950                    30               
      7902 FORD       ANALYST         7566 03-DEC-81       3000                    20               
      7934 MILLER     CLERK           7782 23-JAN-82       1300                    10               

14 rows selected.

SQL> ED
Wrote file afiedt.buf

  1  SELECT *
  2* FROM EMP CROSS JOIN DEPT
SQL> /

     EMPNO ENAME      JOB              MGR HIREDATE         SAL       COMM     DEPTNO     DEPTNO    
---------- ---------- --------- ---------- --------- ---------- ---------- ---------- ----------    
DNAME          LOC                                                                                  
-------------- -------------                                                                        
      7369 SMITH      CLERK           7902 17-DEC-80        800                    20         10    
ACCOUNTING     NEW YORK                                                                             
                                                                                                    
      7499 ALLEN      SALESMAN        7698 20-FEB-81       1600        300         30         10    
ACCOUNTING     NEW YORK                                                                             
                                                                                                    
      7521 WARD       SALESMAN        7698 22-FEB-81       1250        500         30         10    
ACCOUNTING     NEW YORK                                                                             
                                                                                                    
      7566 JONES      MANAGER         7839 02-APR-81       2975                    20         10    
ACCOUNTING     NEW YORK                                                                             
                                                                                                    
      7654 MARTIN     SALESMAN        7698 28-SEP-81       1250       1400         30         10    
ACCOUNTING     NEW YORK                                                                             
                                                                                                    
      7698 BLAKE      MANAGER         7839 01-MAY-81       2850                    30         10    
ACCOUNTING     NEW YORK                                                                             
                                                                                                    
      7782 CLARK      MANAGER         7839 09-JUN-81       2450                    10         10    
ACCOUNTING     NEW YORK                                                                             
                                                                                                    
      7788 SCOTT      ANALYST         7566 19-APR-87       3000                    20         10    
ACCOUNTING     NEW YORK                                                                             
                                                                                                    
      7839 KING       PRESIDENT            17-NOV-81       5000                    10         10    
ACCOUNTING     NEW YORK                                                                             
                                                                                                    
      7844 TURNER     SALESMAN        7698 08-SEP-81       1500          0         30         10    
ACCOUNTING     NEW YORK                                                                             
                                                                                                    
      7876 ADAMS      CLERK           7788 23-MAY-87       1100                    20         10    
ACCOUNTING     NEW YORK                                                                             
                                                                                                    
      7900 JAMES      CLERK           7698 03-DEC-81        950                    30         10    
ACCOUNTING     NEW YORK                                                                             
                                                                                                    
      7902 FORD       ANALYST         7566 03-DEC-81       3000                    20         10    
ACCOUNTING     NEW YORK                                                                             
                                                                                                    
      7934 MILLER     CLERK           7782 23-JAN-82       1300                    10         10    
ACCOUNTING     NEW YORK                                                                             
                                                                                                    
      7369 SMITH      CLERK           7902 17-DEC-80        800                    20         20    
RESEARCH       DALLAS                                                                               
                                                                                                    
      7499 ALLEN      SALESMAN        7698 20-FEB-81       1600        300         30         20    
RESEARCH       DALLAS                                                                               
                                                                                                    
      7521 WARD       SALESMAN        7698 22-FEB-81       1250        500         30         20    
RESEARCH       DALLAS                                                                               
                                                                                                    
      7566 JONES      MANAGER         7839 02-APR-81       2975                    20         20    
RESEARCH       DALLAS                                                                               
                                                                                                    
      7654 MARTIN     SALESMAN        7698 28-SEP-81       1250       1400         30         20    
RESEARCH       DALLAS                                                                               
                                                                                                    
      7698 BLAKE      MANAGER         7839 01-MAY-81       2850                    30         20    
RESEARCH       DALLAS                                                                               
                                                                                                    
      7782 CLARK      MANAGER         7839 09-JUN-81       2450                    10         20    
RESEARCH       DALLAS                                                                               
                                                                                                    
      7788 SCOTT      ANALYST         7566 19-APR-87       3000                    20         20    
RESEARCH       DALLAS                                                                               
                                                                                                    
      7839 KING       PRESIDENT            17-NOV-81       5000                    10         20    
RESEARCH       DALLAS                                                                               
                                                                                                    
      7844 TURNER     SALESMAN        7698 08-SEP-81       1500          0         30         20    
RESEARCH       DALLAS                                                                               
                                                                                                    
      7876 ADAMS      CLERK           7788 23-MAY-87       1100                    20         20    
RESEARCH       DALLAS                                                                               
                                                                                                    
      7900 JAMES      CLERK           7698 03-DEC-81        950                    30         20    
RESEARCH       DALLAS                                                                               
                                                                                                    
      7902 FORD       ANALYST         7566 03-DEC-81       3000                    20         20    
RESEARCH       DALLAS                                                                               
                                                                                                    
      7934 MILLER     CLERK           7782 23-JAN-82       1300                    10         20    
RESEARCH       DALLAS                                                                               
                                                                                                    
      7369 SMITH      CLERK           7902 17-DEC-80        800                    20         30    
SALES          CHICAGO                                                                              
                                                                                                    
      7499 ALLEN      SALESMAN        7698 20-FEB-81       1600        300         30         30    
SALES          CHICAGO                                                                              
                                                                                                    
      7521 WARD       SALESMAN        7698 22-FEB-81       1250        500         30         30    
SALES          CHICAGO                                                                              
                                                                                                    
      7566 JONES      MANAGER         7839 02-APR-81       2975                    20         30    
SALES          CHICAGO                                                                              

     EMPNO ENAME      JOB              MGR HIREDATE         SAL       COMM     DEPTNO     DEPTNO    
---------- ---------- --------- ---------- --------- ---------- ---------- ---------- ----------    
DNAME          LOC                                                                                  
-------------- -------------                                                                        
                                                                                                    
      7654 MARTIN     SALESMAN        7698 28-SEP-81       1250       1400         30         30    
SALES          CHICAGO                                                                              
                                                                                                    
      7698 BLAKE      MANAGER         7839 01-MAY-81       2850                    30         30    
SALES          CHICAGO                                                                              
                                                                                                    
      7782 CLARK      MANAGER         7839 09-JUN-81       2450                    10         30    
SALES          CHICAGO                                                                              
                                                                                                    
      7788 SCOTT      ANALYST         7566 19-APR-87       3000                    20         30    
SALES          CHICAGO                                                                              
                                                                                                    
      7839 KING       PRESIDENT            17-NOV-81       5000                    10         30    
SALES          CHICAGO                                                                              
                                                                                                    
      7844 TURNER     SALESMAN        7698 08-SEP-81       1500          0         30         30    
SALES          CHICAGO                                                                              
                                                                                                    
      7876 ADAMS      CLERK           7788 23-MAY-87       1100                    20         30    
SALES          CHICAGO                                                                              
                                                                                                    
      7900 JAMES      CLERK           7698 03-DEC-81        950                    30         30    
SALES          CHICAGO                                                                              
                                                                                                    
      7902 FORD       ANALYST         7566 03-DEC-81       3000                    20         30    
SALES          CHICAGO                                                                              
                                                                                                    
      7934 MILLER     CLERK           7782 23-JAN-82       1300                    10         30    
SALES          CHICAGO                                                                              
                                                                                                    
      7369 SMITH      CLERK           7902 17-DEC-80        800                    20         40    
OPERATIONS     BOSTON                                                                               
                                                                                                    
      7499 ALLEN      SALESMAN        7698 20-FEB-81       1600        300         30         40    
OPERATIONS     BOSTON                                                                               
                                                                                                    
      7521 WARD       SALESMAN        7698 22-FEB-81       1250        500         30         40    
OPERATIONS     BOSTON                                                                               
                                                                                                    
      7566 JONES      MANAGER         7839 02-APR-81       2975                    20         40    
OPERATIONS     BOSTON                                                                               
                                                                                                    
      7654 MARTIN     SALESMAN        7698 28-SEP-81       1250       1400         30         40    
OPERATIONS     BOSTON                                                                               
                                                                                                    
      7698 BLAKE      MANAGER         7839 01-MAY-81       2850                    30         40    
OPERATIONS     BOSTON                                                                               
                                                                                                    
      7782 CLARK      MANAGER         7839 09-JUN-81       2450                    10         40    
OPERATIONS     BOSTON                                                                               
                                                                                                    
      7788 SCOTT      ANALYST         7566 19-APR-87       3000                    20         40    
OPERATIONS     BOSTON                                                                               
                                                                                                    
      7839 KING       PRESIDENT            17-NOV-81       5000                    10         40    
OPERATIONS     BOSTON                                                                               
                                                                                                    
      7844 TURNER     SALESMAN        7698 08-SEP-81       1500          0         30         40    
OPERATIONS     BOSTON                                                                               
                                                                                                    
      7876 ADAMS      CLERK           7788 23-MAY-87       1100                    20         40    
OPERATIONS     BOSTON                                                                               
                                                                                                    
      7900 JAMES      CLERK           7698 03-DEC-81        950                    30         40    
OPERATIONS     BOSTON                                                                               
                                                                                                    
      7902 FORD       ANALYST         7566 03-DEC-81       3000                    20         40    
OPERATIONS     BOSTON                                                                               
                                                                                                    
      7934 MILLER     CLERK           7782 23-JAN-82       1300                    10         40    
OPERATIONS     BOSTON                                                                               
                                                                                                    

56 rows selected.

SQL> SELECT *
  2  FROM EMP INNER JOIN DEPT;
FROM EMP INNER JOIN DEPT
                       *
ERROR at line 2:
ORA-00905: missing keyword 


SQL> ED
Wrote file afiedt.buf

  1  SELECT *
  2  FROM EMP , DEPT
  3* WHERE EMP.DEPTNO=DEPT.DEPTNO
SQL> /

     EMPNO ENAME      JOB              MGR HIREDATE         SAL       COMM     DEPTNO     DEPTNO    
---------- ---------- --------- ---------- --------- ---------- ---------- ---------- ----------    
DNAME          LOC                                                                                  
-------------- -------------                                                                        
      7369 SMITH      CLERK           7902 17-DEC-80        800                    20         20    
RESEARCH       DALLAS                                                                               
                                                                                                    
      7499 ALLEN      SALESMAN        7698 20-FEB-81       1600        300         30         30    
SALES          CHICAGO                                                                              
                                                                                                    
      7521 WARD       SALESMAN        7698 22-FEB-81       1250        500         30         30    
SALES          CHICAGO                                                                              
                                                                                                    
      7566 JONES      MANAGER         7839 02-APR-81       2975                    20         20    
RESEARCH       DALLAS                                                                               
                                                                                                    
      7654 MARTIN     SALESMAN        7698 28-SEP-81       1250       1400         30         30    
SALES          CHICAGO                                                                              
                                                                                                    
      7698 BLAKE      MANAGER         7839 01-MAY-81       2850                    30         30    
SALES          CHICAGO                                                                              
                                                                                                    
      7782 CLARK      MANAGER         7839 09-JUN-81       2450                    10         10    
ACCOUNTING     NEW YORK                                                                             
                                                                                                    
      7788 SCOTT      ANALYST         7566 19-APR-87       3000                    20         20    
RESEARCH       DALLAS                                                                               
                                                                                                    
      7839 KING       PRESIDENT            17-NOV-81       5000                    10         10    
ACCOUNTING     NEW YORK                                                                             
                                                                                                    
      7844 TURNER     SALESMAN        7698 08-SEP-81       1500          0         30         30    
SALES          CHICAGO                                                                              
                                                                                                    
      7876 ADAMS      CLERK           7788 23-MAY-87       1100                    20         20    
RESEARCH       DALLAS                                                                               
                                                                                                    
      7900 JAMES      CLERK           7698 03-DEC-81        950                    30         30    
SALES          CHICAGO                                                                              
                                                                                                    
      7902 FORD       ANALYST         7566 03-DEC-81       3000                    20         20    
RESEARCH       DALLAS                                                                               
                                                                                                    
      7934 MILLER     CLERK           7782 23-JAN-82       1300                    10         10    
ACCOUNTING     NEW YORK                                                                             
                                                                                                    

14 rows selected.

SQL> SET LINES 200 PAGES 200
SQL> ED
Wrote file afiedt.buf

  1  SELECT *
  2  FROM EMP , DEPT
  3* WHERE EMP.DEPTNO=DEPT.DEPTNO
SQL> /

     EMPNO ENAME      JOB              MGR HIREDATE         SAL       COMM     DEPTNO     DEPTNO DNAME          LOC                                                                                     
---------- ---------- --------- ---------- --------- ---------- ---------- ---------- ---------- -------------- -------------                                                                           
      7369 SMITH      CLERK           7902 17-DEC-80        800                    20         20 RESEARCH       DALLAS                                                                                  
      7499 ALLEN      SALESMAN        7698 20-FEB-81       1600        300         30         30 SALES          CHICAGO                                                                                 
      7521 WARD       SALESMAN        7698 22-FEB-81       1250        500         30         30 SALES          CHICAGO                                                                                 
      7566 JONES      MANAGER         7839 02-APR-81       2975                    20         20 RESEARCH       DALLAS                                                                                  
      7654 MARTIN     SALESMAN        7698 28-SEP-81       1250       1400         30         30 SALES          CHICAGO                                                                                 
      7698 BLAKE      MANAGER         7839 01-MAY-81       2850                    30         30 SALES          CHICAGO                                                                                 
      7782 CLARK      MANAGER         7839 09-JUN-81       2450                    10         10 ACCOUNTING     NEW YORK                                                                                
      7788 SCOTT      ANALYST         7566 19-APR-87       3000                    20         20 RESEARCH       DALLAS                                                                                  
      7839 KING       PRESIDENT            17-NOV-81       5000                    10         10 ACCOUNTING     NEW YORK                                                                                
      7844 TURNER     SALESMAN        7698 08-SEP-81       1500          0         30         30 SALES          CHICAGO                                                                                 
      7876 ADAMS      CLERK           7788 23-MAY-87       1100                    20         20 RESEARCH       DALLAS                                                                                  
      7900 JAMES      CLERK           7698 03-DEC-81        950                    30         30 SALES          CHICAGO                                                                                 
      7902 FORD       ANALYST         7566 03-DEC-81       3000                    20         20 RESEARCH       DALLAS                                                                                  
      7934 MILLER     CLERK           7782 23-JAN-82       1300                    10         10 ACCOUNTING     NEW YORK                                                                                

14 rows selected.

SQL> ED
Wrote file afiedt.buf

  1  SELECT *
  2  FROM EMP INNER JOIN DEPT
  3* ON EMP.DEPTNO=DEPT.DEPTNO
SQL> /

     EMPNO ENAME      JOB              MGR HIREDATE         SAL       COMM     DEPTNO     DEPTNO DNAME          LOC                                                                                     
---------- ---------- --------- ---------- --------- ---------- ---------- ---------- ---------- -------------- -------------                                                                           
      7369 SMITH      CLERK           7902 17-DEC-80        800                    20         20 RESEARCH       DALLAS                                                                                  
      7499 ALLEN      SALESMAN        7698 20-FEB-81       1600        300         30         30 SALES          CHICAGO                                                                                 
      7521 WARD       SALESMAN        7698 22-FEB-81       1250        500         30         30 SALES          CHICAGO                                                                                 
      7566 JONES      MANAGER         7839 02-APR-81       2975                    20         20 RESEARCH       DALLAS                                                                                  
      7654 MARTIN     SALESMAN        7698 28-SEP-81       1250       1400         30         30 SALES          CHICAGO                                                                                 
      7698 BLAKE      MANAGER         7839 01-MAY-81       2850                    30         30 SALES          CHICAGO                                                                                 
      7782 CLARK      MANAGER         7839 09-JUN-81       2450                    10         10 ACCOUNTING     NEW YORK                                                                                
      7788 SCOTT      ANALYST         7566 19-APR-87       3000                    20         20 RESEARCH       DALLAS                                                                                  
      7839 KING       PRESIDENT            17-NOV-81       5000                    10         10 ACCOUNTING     NEW YORK                                                                                
      7844 TURNER     SALESMAN        7698 08-SEP-81       1500          0         30         30 SALES          CHICAGO                                                                                 
      7876 ADAMS      CLERK           7788 23-MAY-87       1100                    20         20 RESEARCH       DALLAS                                                                                  
      7900 JAMES      CLERK           7698 03-DEC-81        950                    30         30 SALES          CHICAGO                                                                                 
      7902 FORD       ANALYST         7566 03-DEC-81       3000                    20         20 RESEARCH       DALLAS                                                                                  
      7934 MILLER     CLERK           7782 23-JAN-82       1300                    10         10 ACCOUNTING     NEW YORK                                                                                

14 rows selected.

SQL> ED
Wrote file afiedt.buf

  1  SELECT *
  2  FROM EMP RIGHT JOIN DEPT
  3* ON EMP.DEPTNO=DEPT.DEPTNO
SQL> /

     EMPNO ENAME      JOB              MGR HIREDATE         SAL       COMM     DEPTNO     DEPTNO DNAME          LOC                                                                                     
---------- ---------- --------- ---------- --------- ---------- ---------- ---------- ---------- -------------- -------------                                                                           
      7782 CLARK      MANAGER         7839 09-JUN-81       2450                    10         10 ACCOUNTING     NEW YORK                                                                                
      7839 KING       PRESIDENT            17-NOV-81       5000                    10         10 ACCOUNTING     NEW YORK                                                                                
      7934 MILLER     CLERK           7782 23-JAN-82       1300                    10         10 ACCOUNTING     NEW YORK                                                                                
      7566 JONES      MANAGER         7839 02-APR-81       2975                    20         20 RESEARCH       DALLAS                                                                                  
      7902 FORD       ANALYST         7566 03-DEC-81       3000                    20         20 RESEARCH       DALLAS                                                                                  
      7876 ADAMS      CLERK           7788 23-MAY-87       1100                    20         20 RESEARCH       DALLAS                                                                                  
      7369 SMITH      CLERK           7902 17-DEC-80        800                    20         20 RESEARCH       DALLAS                                                                                  
      7788 SCOTT      ANALYST         7566 19-APR-87       3000                    20         20 RESEARCH       DALLAS                                                                                  
      7521 WARD       SALESMAN        7698 22-FEB-81       1250        500         30         30 SALES          CHICAGO                                                                                 
      7844 TURNER     SALESMAN        7698 08-SEP-81       1500          0         30         30 SALES          CHICAGO                                                                                 
      7499 ALLEN      SALESMAN        7698 20-FEB-81       1600        300         30         30 SALES          CHICAGO                                                                                 
      7900 JAMES      CLERK           7698 03-DEC-81        950                    30         30 SALES          CHICAGO                                                                                 
      7698 BLAKE      MANAGER         7839 01-MAY-81       2850                    30         30 SALES          CHICAGO                                                                                 
      7654 MARTIN     SALESMAN        7698 28-SEP-81       1250       1400         30         30 SALES          CHICAGO                                                                                 
                                                                                              40 OPERATIONS     BOSTON                                                                                  

15 rows selected.

SQL> ED
Wrote file afiedt.buf

  1  SELECT *
  2  FROM EMP LEFT JOIN DEPT
  3* ON EMP.DEPTNO=DEPT.DEPTNO
SQL> 
SQL> /

     EMPNO ENAME      JOB              MGR HIREDATE         SAL       COMM     DEPTNO     DEPTNO DNAME          LOC                                                                                     
---------- ---------- --------- ---------- --------- ---------- ---------- ---------- ---------- -------------- -------------                                                                           
      7369 SMITH      CLERK           7902 17-DEC-80        800                    20         20 RESEARCH       DALLAS                                                                                  
      7499 ALLEN      SALESMAN        7698 20-FEB-81       1600        300         30         30 SALES          CHICAGO                                                                                 
      7521 WARD       SALESMAN        7698 22-FEB-81       1250        500         30         30 SALES          CHICAGO                                                                                 
      7566 JONES      MANAGER         7839 02-APR-81       2975                    20         20 RESEARCH       DALLAS                                                                                  
      7654 MARTIN     SALESMAN        7698 28-SEP-81       1250       1400         30         30 SALES          CHICAGO                                                                                 
      7698 BLAKE      MANAGER         7839 01-MAY-81       2850                    30         30 SALES          CHICAGO                                                                                 
      7782 CLARK      MANAGER         7839 09-JUN-81       2450                    10         10 ACCOUNTING     NEW YORK                                                                                
      7788 SCOTT      ANALYST         7566 19-APR-87       3000                    20         20 RESEARCH       DALLAS                                                                                  
      7839 KING       PRESIDENT            17-NOV-81       5000                    10         10 ACCOUNTING     NEW YORK                                                                                
      7844 TURNER     SALESMAN        7698 08-SEP-81       1500          0         30         30 SALES          CHICAGO                                                                                 
      7876 ADAMS      CLERK           7788 23-MAY-87       1100                    20         20 RESEARCH       DALLAS                                                                                  
      7900 JAMES      CLERK           7698 03-DEC-81        950                    30         30 SALES          CHICAGO                                                                                 
      7902 FORD       ANALYST         7566 03-DEC-81       3000                    20         20 RESEARCH       DALLAS                                                                                  
      7934 MILLER     CLERK           7782 23-JAN-82       1300                    10         10 ACCOUNTING     NEW YORK                                                                                

14 rows selected.

SQL> ED
Wrote file afiedt.buf

  1  SELECT *
  2  FROM EMP LEFT JOIN EMP
  3* ON EMP.DEPTNO=DEPT.DEPTNO
SQL> /
ON EMP.DEPTNO=DEPT.DEPTNO
              *
ERROR at line 3:
ORA-00904: "DEPT"."DEPTNO": invalid identifier 


SQL> ED
Wrote file afiedt.buf

  1  SELECT *
  2  FROM DEPT LEFT JOIN EMP
  3* ON EMP.DEPTNO=DEPT.DEPTNO
SQL> /

    DEPTNO DNAME          LOC                EMPNO ENAME      JOB              MGR HIREDATE         SAL       COMM     DEPTNO                                                                           
---------- -------------- ------------- ---------- ---------- --------- ---------- --------- ---------- ---------- ----------                                                                           
        10 ACCOUNTING     NEW YORK            7782 CLARK      MANAGER         7839 09-JUN-81       2450                    10                                                                           
        10 ACCOUNTING     NEW YORK            7839 KING       PRESIDENT            17-NOV-81       5000                    10                                                                           
        10 ACCOUNTING     NEW YORK            7934 MILLER     CLERK           7782 23-JAN-82       1300                    10                                                                           
        20 RESEARCH       DALLAS              7566 JONES      MANAGER         7839 02-APR-81       2975                    20                                                                           
        20 RESEARCH       DALLAS              7902 FORD       ANALYST         7566 03-DEC-81       3000                    20                                                                           
        20 RESEARCH       DALLAS              7876 ADAMS      CLERK           7788 23-MAY-87       1100                    20                                                                           
        20 RESEARCH       DALLAS              7369 SMITH      CLERK           7902 17-DEC-80        800                    20                                                                           
        20 RESEARCH       DALLAS              7788 SCOTT      ANALYST         7566 19-APR-87       3000                    20                                                                           
        30 SALES          CHICAGO             7521 WARD       SALESMAN        7698 22-FEB-81       1250        500         30                                                                           
        30 SALES          CHICAGO             7844 TURNER     SALESMAN        7698 08-SEP-81       1500          0         30                                                                           
        30 SALES          CHICAGO             7499 ALLEN      SALESMAN        7698 20-FEB-81       1600        300         30                                                                           
        30 SALES          CHICAGO             7900 JAMES      CLERK           7698 03-DEC-81        950                    30                                                                           
        30 SALES          CHICAGO             7698 BLAKE      MANAGER         7839 01-MAY-81       2850                    30                                                                           
        30 SALES          CHICAGO             7654 MARTIN     SALESMAN        7698 28-SEP-81       1250       1400         30                                                                           
        40 OPERATIONS     BOSTON                                                                                                                                                                        

15 rows selected.

SQL> ED
Wrote file afiedt.buf

  1  SELECT *
  2  FROM DEPT LEFT JOIN EMP
  3  ON EMP.DEPTNO=DEPT.DEPTNO
  4* WHERE EMPNO IS NULL
SQL> /

    DEPTNO DNAME          LOC                EMPNO ENAME      JOB              MGR HIREDATE         SAL       COMM     DEPTNO                                                                           
---------- -------------- ------------- ---------- ---------- --------- ---------- --------- ---------- ---------- ----------                                                                           
        40 OPERATIONS     BOSTON                                                                                                                                                                        

SQL> ED
Wrote file afiedt.buf

  1  SELECT *
  2  FROM DEPT FULL JOIN EMP
  3* ON EMP.DEPTNO=DEPT.DEPTNO
SQL> /

    DEPTNO DNAME          LOC                EMPNO ENAME      JOB              MGR HIREDATE         SAL       COMM     DEPTNO                                                                           
---------- -------------- ------------- ---------- ---------- --------- ---------- --------- ---------- ---------- ----------                                                                           
        10 ACCOUNTING     NEW YORK            7782 CLARK      MANAGER         7839 09-JUN-81       2450                    10                                                                           
        10 ACCOUNTING     NEW YORK            7839 KING       PRESIDENT            17-NOV-81       5000                    10                                                                           
        10 ACCOUNTING     NEW YORK            7934 MILLER     CLERK           7782 23-JAN-82       1300                    10                                                                           
        20 RESEARCH       DALLAS              7566 JONES      MANAGER         7839 02-APR-81       2975                    20                                                                           
        20 RESEARCH       DALLAS              7902 FORD       ANALYST         7566 03-DEC-81       3000                    20                                                                           
        20 RESEARCH       DALLAS              7876 ADAMS      CLERK           7788 23-MAY-87       1100                    20                                                                           
        20 RESEARCH       DALLAS              7369 SMITH      CLERK           7902 17-DEC-80        800                    20                                                                           
        20 RESEARCH       DALLAS              7788 SCOTT      ANALYST         7566 19-APR-87       3000                    20                                                                           
        30 SALES          CHICAGO             7521 WARD       SALESMAN        7698 22-FEB-81       1250        500         30                                                                           
        30 SALES          CHICAGO             7844 TURNER     SALESMAN        7698 08-SEP-81       1500          0         30                                                                           
        30 SALES          CHICAGO             7499 ALLEN      SALESMAN        7698 20-FEB-81       1600        300         30                                                                           
        30 SALES          CHICAGO             7900 JAMES      CLERK           7698 03-DEC-81        950                    30                                                                           
        30 SALES          CHICAGO             7698 BLAKE      MANAGER         7839 01-MAY-81       2850                    30                                                                           
        30 SALES          CHICAGO             7654 MARTIN     SALESMAN        7698 28-SEP-81       1250       1400         30                                                                           
        40 OPERATIONS     BOSTON                                                                                                                                                                        

15 rows selected.

SQL> ED
Wrote file afiedt.buf

  1  SELECT *
  2  FROM EMP SELF JOIN EMP
  3* ON EMP.DEPTNO=EMP.DEPTNO
SQL> /

     EMPNO ENAME      JOB              MGR HIREDATE         SAL       COMM     DEPTNO      EMPNO ENAME      JOB              MGR HIREDATE         SAL       COMM     DEPTNO                             
---------- ---------- --------- ---------- --------- ---------- ---------- ---------- ---------- ---------- --------- ---------- --------- ---------- ---------- ----------                             
      7369 SMITH      CLERK           7902 17-DEC-80        800                    20       7369 SMITH      CLERK           7902 17-DEC-80        800                    20                             
      7499 ALLEN      SALESMAN        7698 20-FEB-81       1600        300         30       7369 SMITH      CLERK           7902 17-DEC-80        800                    20                             
      7521 WARD       SALESMAN        7698 22-FEB-81       1250        500         30       7369 SMITH      CLERK           7902 17-DEC-80        800                    20                             
      7566 JONES      MANAGER         7839 02-APR-81       2975                    20       7369 SMITH      CLERK           7902 17-DEC-80        800                    20                             
      7654 MARTIN     SALESMAN        7698 28-SEP-81       1250       1400         30       7369 SMITH      CLERK           7902 17-DEC-80        800                    20                             
      7698 BLAKE      MANAGER         7839 01-MAY-81       2850                    30       7369 SMITH      CLERK           7902 17-DEC-80        800                    20                             
      7782 CLARK      MANAGER         7839 09-JUN-81       2450                    10       7369 SMITH      CLERK           7902 17-DEC-80        800                    20                             
      7788 SCOTT      ANALYST         7566 19-APR-87       3000                    20       7369 SMITH      CLERK           7902 17-DEC-80        800                    20                             
      7839 KING       PRESIDENT            17-NOV-81       5000                    10       7369 SMITH      CLERK           7902 17-DEC-80        800                    20                             
      7844 TURNER     SALESMAN        7698 08-SEP-81       1500          0         30       7369 SMITH      CLERK           7902 17-DEC-80        800                    20                             
      7876 ADAMS      CLERK           7788 23-MAY-87       1100                    20       7369 SMITH      CLERK           7902 17-DEC-80        800                    20                             
      7900 JAMES      CLERK           7698 03-DEC-81        950                    30       7369 SMITH      CLERK           7902 17-DEC-80        800                    20                             
      7902 FORD       ANALYST         7566 03-DEC-81       3000                    20       7369 SMITH      CLERK           7902 17-DEC-80        800                    20                             
      7934 MILLER     CLERK           7782 23-JAN-82       1300                    10       7369 SMITH      CLERK           7902 17-DEC-80        800                    20                             
      7369 SMITH      CLERK           7902 17-DEC-80        800                    20       7499 ALLEN      SALESMAN        7698 20-FEB-81       1600        300         30                             
      7499 ALLEN      SALESMAN        7698 20-FEB-81       1600        300         30       7499 ALLEN      SALESMAN        7698 20-FEB-81       1600        300         30                             
      7521 WARD       SALESMAN        7698 22-FEB-81       1250        500         30       7499 ALLEN      SALESMAN        7698 20-FEB-81       1600        300         30                             
      7566 JONES      MANAGER         7839 02-APR-81       2975                    20       7499 ALLEN      SALESMAN        7698 20-FEB-81       1600        300         30                             
      7654 MARTIN     SALESMAN        7698 28-SEP-81       1250       1400         30       7499 ALLEN      SALESMAN        7698 20-FEB-81       1600        300         30                             
      7698 BLAKE      MANAGER         7839 01-MAY-81       2850                    30       7499 ALLEN      SALESMAN        7698 20-FEB-81       1600        300         30                             
      7782 CLARK      MANAGER         7839 09-JUN-81       2450                    10       7499 ALLEN      SALESMAN        7698 20-FEB-81       1600        300         30                             
      7788 SCOTT      ANALYST         7566 19-APR-87       3000                    20       7499 ALLEN      SALESMAN        7698 20-FEB-81       1600        300         30                             
      7839 KING       PRESIDENT            17-NOV-81       5000                    10       7499 ALLEN      SALESMAN        7698 20-FEB-81       1600        300         30                             
      7844 TURNER     SALESMAN        7698 08-SEP-81       1500          0         30       7499 ALLEN      SALESMAN        7698 20-FEB-81       1600        300         30                             
      7876 ADAMS      CLERK           7788 23-MAY-87       1100                    20       7499 ALLEN      SALESMAN        7698 20-FEB-81       1600        300         30                             
      7900 JAMES      CLERK           7698 03-DEC-81        950                    30       7499 ALLEN      SALESMAN        7698 20-FEB-81       1600        300         30                             
      7902 FORD       ANALYST         7566 03-DEC-81       3000                    20       7499 ALLEN      SALESMAN        7698 20-FEB-81       1600        300         30                             
      7934 MILLER     CLERK           7782 23-JAN-82       1300                    10       7499 ALLEN      SALESMAN        7698 20-FEB-81       1600        300         30                             
      7369 SMITH      CLERK           7902 17-DEC-80        800                    20       7521 WARD       SALESMAN        7698 22-FEB-81       1250        500         30                             
      7499 ALLEN      SALESMAN        7698 20-FEB-81       1600        300         30       7521 WARD       SALESMAN        7698 22-FEB-81       1250        500         30                             
      7521 WARD       SALESMAN        7698 22-FEB-81       1250        500         30       7521 WARD       SALESMAN        7698 22-FEB-81       1250        500         30                             
      7566 JONES      MANAGER         7839 02-APR-81       2975                    20       7521 WARD       SALESMAN        7698 22-FEB-81       1250        500         30                             
      7654 MARTIN     SALESMAN        7698 28-SEP-81       1250       1400         30       7521 WARD       SALESMAN        7698 22-FEB-81       1250        500         30                             
      7698 BLAKE      MANAGER         7839 01-MAY-81       2850                    30       7521 WARD       SALESMAN        7698 22-FEB-81       1250        500         30                             
      7782 CLARK      MANAGER         7839 09-JUN-81       2450                    10       7521 WARD       SALESMAN        7698 22-FEB-81       1250        500         30                             
      7788 SCOTT      ANALYST         7566 19-APR-87       3000                    20       7521 WARD       SALESMAN        7698 22-FEB-81       1250        500         30                             
      7839 KING       PRESIDENT            17-NOV-81       5000                    10       7521 WARD       SALESMAN        7698 22-FEB-81       1250        500         30                             
      7844 TURNER     SALESMAN        7698 08-SEP-81       1500          0         30       7521 WARD       SALESMAN        7698 22-FEB-81       1250        500         30                             
      7876 ADAMS      CLERK           7788 23-MAY-87       1100                    20       7521 WARD       SALESMAN        7698 22-FEB-81       1250        500         30                             
      7900 JAMES      CLERK           7698 03-DEC-81        950                    30       7521 WARD       SALESMAN        7698 22-FEB-81       1250        500         30                             
      7902 FORD       ANALYST         7566 03-DEC-81       3000                    20       7521 WARD       SALESMAN        7698 22-FEB-81       1250        500         30                             
      7934 MILLER     CLERK           7782 23-JAN-82       1300                    10       7521 WARD       SALESMAN        7698 22-FEB-81       1250        500         30                             
      7369 SMITH      CLERK           7902 17-DEC-80        800                    20       7566 JONES      MANAGER         7839 02-APR-81       2975                    20                             
      7499 ALLEN      SALESMAN        7698 20-FEB-81       1600        300         30       7566 JONES      MANAGER         7839 02-APR-81       2975                    20                             
      7521 WARD       SALESMAN        7698 22-FEB-81       1250        500         30       7566 JONES      MANAGER         7839 02-APR-81       2975                    20                             
      7566 JONES      MANAGER         7839 02-APR-81       2975                    20       7566 JONES      MANAGER         7839 02-APR-81       2975                    20                             
      7654 MARTIN     SALESMAN        7698 28-SEP-81       1250       1400         30       7566 JONES      MANAGER         7839 02-APR-81       2975                    20                             
      7698 BLAKE      MANAGER         7839 01-MAY-81       2850                    30       7566 JONES      MANAGER         7839 02-APR-81       2975                    20                             
      7782 CLARK      MANAGER         7839 09-JUN-81       2450                    10       7566 JONES      MANAGER         7839 02-APR-81       2975                    20                             
      7788 SCOTT      ANALYST         7566 19-APR-87       3000                    20       7566 JONES      MANAGER         7839 02-APR-81       2975                    20                             
      7839 KING       PRESIDENT            17-NOV-81       5000                    10       7566 JONES      MANAGER         7839 02-APR-81       2975                    20                             
      7844 TURNER     SALESMAN        7698 08-SEP-81       1500          0         30       7566 JONES      MANAGER         7839 02-APR-81       2975                    20                             
      7876 ADAMS      CLERK           7788 23-MAY-87       1100                    20       7566 JONES      MANAGER         7839 02-APR-81       2975                    20                             
      7900 JAMES      CLERK           7698 03-DEC-81        950                    30       7566 JONES      MANAGER         7839 02-APR-81       2975                    20                             
      7902 FORD       ANALYST         7566 03-DEC-81       3000                    20       7566 JONES      MANAGER         7839 02-APR-81       2975                    20                             
      7934 MILLER     CLERK           7782 23-JAN-82       1300                    10       7566 JONES      MANAGER         7839 02-APR-81       2975                    20                             
